// Jest Snapshot v1, https://goo.gl/fbAQLP

exports[`InlineAd should match snapshot 1`] = `
<div
  className=""
>
  <amp-ad
    data-slot="/5605/teg.1234/ABCD"
    height="250"
    json="{'targeting': { 'amp': ['y']}}"
    type="doubleclick"
    width="300"
  />
</div>
`;
