// Jest Snapshot v1, https://goo.gl/fbAQLP

exports[`ArticleDescription should match snapshot 1`] = `
<p
  className="css-1llzso0"
>
  description
</p>
`;
