// Jest Snapshot v1, https://goo.gl/fbAQLP

exports[`ArticleMainImage should match snapshot 1`] = `
<div
  className="css-1b6r2g5"
>
  <amp-img
    height={100}
    layout="responsive"
    src="img"
    width={100}
  />
</div>
`;
