// Jest Snapshot v1, https://goo.gl/fbAQLP

exports[`Footer should match the snapshot 1`] = `
<footer
  className="css-18hx3fx-StyledFooterContainer e1v9q3fs0"
>
  <section
    className="css-1fx738i-StyledFooterSection e1v9q3fs1"
  >
    <a
      className="css-2yobku-StyledFooterLink e1v9q3fs2"
      href="https://www.economist.com/subscribe"
    >
      Subscribe
    </a>
    <a
      className="css-2yobku-StyledFooterLink e1v9q3fs2"
      href="https://www.economist.com/contact-info"
    >
      Contact us
    </a>
    <a
      className="css-2yobku-StyledFooterLink e1v9q3fs2"
      href="https://www.economist.com/help/home"
    >
      Help
    </a>
    <a
      className="css-2yobku-StyledFooterLink e1v9q3fs2"
      href="https://www.economist.com/openfuture"
    >
      Open Future
    </a>
  </section>
  <section
    className="css-1fx738i-StyledFooterSection e1v9q3fs1"
  >
    <h4
      className="css-1rpsvqs"
    >
      Keep updated
    </h4>
    <div
      className="css-rr8mqx"
    >
      <a
        className="css-1njfl4a"
        href="https://www.facebook.com/TheEconomist"
      >
        <span
          className={undefined}
        >
          <svg
            version="1.1"
            viewBox="0 0 48 48"
            x="0px"
            xmlSpace="preserve"
            xmlns="http://www.w3.org/2000/svg"
            y="0px"
          >
            <path
              d="M29.6,15.2H27c-0.7,0-1.3,0.1-1.4,0.6c-0.1,0.3-0.3,0.7-0.3,1.4v2.1h4.3L29,24h-3.8v13.5h-5.5V24H17v-4.7h2.7 v-2.8c0-2.8,1-4.7,3-5.5c1-0.4,1.7-0.4,2.7-0.4h4.3V15.2z"
            />
          </svg>
        </span>
      </a>
      <a
        className="css-1njfl4a"
        href="https://twitter.com/TheEconomist"
      >
        <span
          className={undefined}
        >
          <svg
            version="1.1"
            viewBox="0 0 48 48"
            x="0px"
            xmlSpace="preserve"
            xmlns="http://www.w3.org/2000/svg"
            y="0px"
          >
            <path
              d="M33.6,18.9c0,0.3,0,0.4,0,0.7c0,6.6-5,14-14,14c-2.7,0-5.4-0.9-7.6-2.3c0.4,0,0.7,0.1,1.1,0.1 c2.3,0,4.4-0.9,6.1-2.1c-2.1,0-4-1.4-4.6-3.4c0.3,0,0.7,0.1,0.9,0.1c0.4,0,0.9,0,1.3-0.1c-2.3-0.4-4-2.4-4-4.9 c0.7,0.4,1.4,0.7,2.3,0.7c-1.3-0.9-2.3-2.3-2.3-4c0-0.9,0.3-1.7,0.7-2.4c2.4,3,6,5,10.3,5.1c-0.1-0.4-0.1-0.9-0.1-1.1 c0-2.7,2.3-5,5-5c1.4,0,2.7,0.7,3.6,1.6c1.1-0.3,2.3-0.7,3.1-1.1c-0.4,1.1-1.1,2.1-2.3,2.7c1-0.1,2-0.4,2.9-0.9 C35.4,17.4,34.4,18.4,33.6,18.9z"
            />
          </svg>
        </span>
      </a>
      <a
        className="css-1njfl4a"
        href="https://plus.google.com/100470681032489535736/posts"
      >
        <span
          className={undefined}
        >
          <svg
            version="1.1"
            viewBox="0 0 48 48"
            x="0px"
            xmlSpace="preserve"
            xmlns="http://www.w3.org/2000/svg"
            y="0px"
          >
            <path
              d="M27.7,24.2c0,1.7-0.6,3.5-1.7,5.2c-1.1,1.7-2.7,2.7-4.6,3.2c-1.1,0.3-2.2,0.4-3.3,0.4c-2-0.1-3.6-0.7-5.2-1.8 c-1.3-0.8-2.1-2-2.8-3.3c-0.6-1-0.8-2-1-3.1C9,24.2,9,23.5,9,22.9c0.1-1.7,0.6-3.2,1.5-4.6c1.4-2.1,3.2-3.3,5.7-4 c0.6-0.1,1-0.1,1.5-0.3c0.4,0,0.8,0,1.3,0c1.1,0,2.2,0.3,3.3,0.8c0.8,0.4,1.5,0.8,2.2,1.4c0.1,0,0.1,0.1,0.3,0.3 c-0.1,0.1-0.1,0.1-0.3,0.3c-0.8,0.8-1.7,1.5-2.4,2.4c-0.1,0.1-0.1,0.1-0.3,0c-0.7-0.7-1.5-1.1-2.5-1.3c-1.5-0.3-2.9,0.1-4.2,1 c-1.3,1-2.1,2.2-2.2,3.8c-0.3,1.7,0.1,3.1,1.1,4.5c1,1.1,2.1,2,3.6,2.1c1.4,0.1,2.8,0,4-1c1-0.7,1.5-1.5,1.8-2.7h-0.1 c-1.5,0-3.2,0-4.7,0c-0.1,0-0.1,0-0.1-0.1c0-1.1,0-2.4,0-3.5c0-0.1,0-0.1,0.1-0.1c2.9,0,5.7,0,8.7,0c0.1,0,0.1,0,0.1,0.1 c0,0.4,0.1,0.8,0.1,1.3C27.7,23.5,27.7,23.9,27.7,24.2z M39,24.1l-3.3,0.1v3.2c0,0.1,0,0.1-0.1,0.1h-2.1c-0.1,0-0.1,0-0.1-0.1v-3.2 h-3.2c-0.1,0-0.1,0-0.1-0.1V22c0-0.1,0-0.1,0.1-0.1h3.2v-3.2c0-0.1,0-0.1,0.1-0.1h2.1c0.1,0,0.1,0,0.1,0.1v3.2h3.2 c0.1,0,0.1,0,0.1,0.1V24.1z"
            />
          </svg>
        </span>
      </a>
      <a
        className="css-1njfl4a"
        href="https://www.economist.com/newsletters"
      >
        <span
          className={undefined}
        >
          <svg
            version="1.1"
            viewBox="0 0 48 48"
            x="0px"
            xmlSpace="preserve"
            xmlns="http://www.w3.org/2000/svg"
            y="0px"
          >
            <path
              d="M33.6,14.4H14.4c-1.3,0-2.4,1.1-2.4,2.4l0,14.4c0,1.3,1.1,2.4,2.4,2.4h19.2c1.3,0,2.4-1.1,2.4-2.4V16.8 C36,15.5,34.9,14.4,33.6,14.4z M33.6,19.2l-9.6,6l-9.6-6v-2.4l9.6,6l9.6-6V19.2z"
            />
          </svg>
        </span>
      </a>
      <a
        className="css-1njfl4a"
        href="https://www.linkedin.com/grp/home?gid=3056216"
      >
        <span
          className={undefined}
        >
          <svg
            version="1.1"
            viewBox="0 0 48 48"
            x="0px"
            xmlSpace="preserve"
            xmlns="http://www.w3.org/2000/svg"
            y="0px"
          >
            <path
              d="M17.9,34.5h-4.9V18.6h4.9V34.5z M15.5,16.4c-1.6,0-3-1.3-3-3s1.3-3,3-3c1.6,0,3,1.3,3,3 C18.3,15.2,17,16.4,15.5,16.4z M31.6,34.5V26c0-2.3-0.8-3.5-2.7-3.5c-2,0-3,1.3-3,3.5v8.5h-4.8V18.6h4.8v2.1c0,0,1.4-2.7,4.8-2.7 s5.8,2.1,5.8,6.4s0,10.2,0,10.2H31.6z"
            />
          </svg>
        </span>
      </a>
      <a
        className="css-1njfl4a"
        href="http://theeconomist.tumblr.com/"
      >
        <span
          className={undefined}
        >
          <svg
            version="1.1"
            viewBox="0 0 48 48"
            x="0px"
            xmlSpace="preserve"
            xmlns="http://www.w3.org/2000/svg"
            y="0px"
          >
            <path
              d="M29.8,34.6C29,35.4,27.4,36,25.8,36c-0.1,0-0.1,0-0.2,0h0c-5.3,0-6.7-4-6.7-6.4v-7.3c0-0.1,0-0.1-0.1-0.1h-2.6 c-0.1,0-0.1,0-0.1-0.1v-3.3c0,0,0-0.1,0.1-0.1c2.7-1.1,4.3-3.2,4.7-6.4C20.9,12,21,12,21,12h3.4c0.1,0,0.1,0,0.1,0.1V18 c0,0.1,0,0.1,0.1,0.1h4.2c0.1,0,0.1,0,0.1,0.1v3.9c0,0.1,0,0.1-0.1,0.1h-4.3c-0.1,0-0.1,0-0.1,0.1l0,7c0,1.6,0.8,2.4,2.3,2.4 c0.6,0,1.3-0.1,1.9-0.4c0.1,0,0.1,0,0.1,0.1l1.1,3.2C29.9,34.5,29.9,34.6,29.8,34.6z"
            />
          </svg>
        </span>
      </a>
      <a
        className="css-1njfl4a"
        href="http://instagram.com/theeconomist/"
      >
        <span
          className={undefined}
        >
          <svg
            version="1.1"
            viewBox="0 0 48 48"
            x="0px"
            xmlSpace="preserve"
            xmlns="http://www.w3.org/2000/svg"
            y="0px"
          >
            <circle
              cx="31.2"
              cy="16.8"
              r="1.6"
            />
            <path
              d="M24,17.1c-3.8,0-6.9,3.1-6.9,6.9s3.1,6.9,6.9,6.9s6.9-3.1,6.9-6.9S27.8,17.1,24,17.1z M24,28.5 c-2.5,0-4.5-2-4.5-4.5s2-4.5,4.5-4.5s4.5,2,4.5,4.5S26.5,28.5,24,28.5z"
            />
            <path
              d="M36.8,15.2c-0.3-0.9-0.8-1.6-1.6-2.4s-1.5-1.2-2.4-1.6c-0.9-0.3-1.8-0.6-3.3-0.6c-1.4-0.1-1.9-0.1-5.6-0.1 c-3.7,0-4.1,0-5.6,0.1c-1.4,0.1-2.4,0.3-3.3,0.6c-0.9,0.3-1.6,0.8-2.4,1.6s-1.2,1.5-1.6,2.4c-0.3,0.9-0.6,1.8-0.6,3.3 c-0.1,1.4-0.1,1.9-0.1,5.6c0,3.7,0,4.1,0.1,5.6c0.1,1.4,0.3,2.4,0.6,3.3c0.3,0.9,0.8,1.6,1.6,2.4s1.5,1.2,2.4,1.6 c0.9,0.3,1.8,0.6,3.3,0.6c1.4,0.1,1.9,0.1,5.6,0.1s4.1,0,5.6-0.1c1.4-0.1,2.4-0.3,3.3-0.6c0.9-0.3,1.6-0.8,2.4-1.6 s1.2-1.5,1.6-2.4c0.3-0.9,0.6-1.8,0.6-3.3c0.1-1.4,0.1-1.9,0.1-5.6s0-4.1-0.1-5.6C37.4,17,37.1,16,36.8,15.2z M35,29.5 c-0.1,1.3-0.3,2-0.5,2.5c-0.2,0.6-0.5,1.1-1,1.6c-0.5,0.5-0.9,0.8-1.6,1c-0.5,0.2-1.2,0.4-2.5,0.5c-1.4,0.1-1.9,0.1-5.5,0.1 s-4,0-5.5-0.1c-1.3-0.1-2-0.3-2.5-0.5c-0.6-0.2-1.1-0.5-1.6-1c-0.5-0.5-0.8-0.9-1-1.6c-0.2-0.5-0.4-1.2-0.5-2.5 c-0.1-1.4-0.1-1.9-0.1-5.5s0-4,0.1-5.5c0.1-1.3,0.3-2,0.5-2.5c0.2-0.6,0.5-1.1,1-1.6c0.5-0.5,0.9-0.8,1.6-1 c0.5-0.2,1.2-0.4,2.5-0.5c1.4-0.1,1.8-0.1,5.5-0.1c3.6,0,4,0,5.5,0.1c1.3,0.1,2,0.3,2.5,0.5c0.6,0.2,1.1,0.5,1.6,1 c0.5,0.5,0.8,0.9,1,1.6c0.2,0.5,0.4,1.2,0.5,2.5c0.1,1.4,0.1,1.9,0.1,5.5S35.1,28,35,29.5z"
            />
          </svg>
        </span>
      </a>
      <a
        className="css-1njfl4a"
        href="http://www.youtube.com/user/economistmagazine"
      >
        <span
          className={undefined}
        >
          <svg
            version="1.1"
            viewBox="0 0 48 48"
            x="0px"
            xmlSpace="preserve"
            xmlns="http://www.w3.org/2000/svg"
            y="0px"
          >
            <path
              d="M36.5,17.9c-0.3-1.4-1.4-2.4-2.8-2.5C30.5,15,27.2,15,24,15c-3.2,0-6.5,0-9.7,0.4c-1.4,0.2-2.5,1.2-2.8,2.5 c-0.4,2-0.5,4.1-0.5,6.1s0,4.1,0.4,6.1c0.3,1.4,1.4,2.4,2.8,2.5C17.5,33,20.8,33,24,33c3.2,0,6.5,0,9.7-0.4 c1.4-0.2,2.5-1.2,2.8-2.5c0.5-2,0.5-4.1,0.5-6.1C36.9,22,36.9,19.9,36.5,17.9z M20.7,28c0-2.9,0-5.7,0-8.5 c2.7,1.4,5.5,2.8,8.2,4.3C26.1,25.2,23.4,26.6,20.7,28z"
            />
          </svg>
        </span>
      </a>
      <a
        className="css-1njfl4a"
        href="https://www.economist.com/rss"
      >
        <span
          className={undefined}
        >
          <svg
            version="1.1"
            viewBox="0 0 48 48"
            x="0px"
            xmlSpace="preserve"
            xmlns="http://www.w3.org/2000/svg"
            y="0px"
          >
            <path
              d="M17.2,33.8c-1.7,0-3-1.4-3-3c0-1.7,1.4-3,3-3c1.7,0,3,1.4,3,3C20.3,32.4,18.9,33.8,17.2,33.8z M24,33.8 c0-5.4-4.4-9.8-9.8-9.8v-3.9c7.6,0,13.7,6.1,13.7,13.7H24z M31.9,33.8c0-9.8-7.9-17.7-17.7-17.7v-3.9c11.9,0,21.6,9.7,21.6,21.6 H31.9z"
            />
          </svg>
        </span>
      </a>
    </div>
  </section>
  <section
    className="css-dsh429"
  >
    <a
      className="css-11i4prc-StyledFooterLink e1v9q3fs2"
      href="https://www.economist.com/about-the-economist/"
    >
      About The Economist
    </a>
    <a
      className="css-11i4prc-StyledFooterLink e1v9q3fs2"
      href="http://marketingsolutions.economist.com/"
    >
      Advertise
    </a>
    <a
      className="css-11i4prc-StyledFooterLink e1v9q3fs2"
      href="https://www.economist.com/rights/reprints+and+permissions.html"
    >
      Reprints
    </a>
    <a
      className="css-11i4prc-StyledFooterLink e1v9q3fs2"
      href="http://economistgroupcareers.com/"
    >
      Careers
    </a>
    <a
      className="css-11i4prc-StyledFooterLink e1v9q3fs2"
      href="http://press.economist.com/"
    >
      Media Centre
    </a>
  </section>
  <section
    className="css-1fx738i-StyledFooterSection e1v9q3fs1"
  >
    <a
      className="css-11i4prc-StyledFooterLink e1v9q3fs2"
      href="https://www.economist.com/legal/terms-of-use"
    >
      Terms of Use
    </a>
    <a
      className="css-11i4prc-StyledFooterLink e1v9q3fs2"
      href="http://www.economistgroup.com/results_and_governance/governance/privacy/"
    >
      Privacy
    </a>
    <a
      className="css-11i4prc-StyledFooterLink e1v9q3fs2"
      href="https://www.economist.com/cookies-info"
    >
      Cookies
    </a>
    <a
      className="css-11i4prc-StyledFooterLink e1v9q3fs2"
      href="https://www.economist.com/help/accessibilitypolicy"
    >
      Accessibility
    </a>
    <a
      className="css-11i4prc-StyledFooterLink e1v9q3fs2"
      href="http://www.economistgroup.com/results_and_governance/governance/guiding_principles.html"
    >
      Modern Slavery Statement
    </a>
  </section>
  <section
    className="css-1fx738i-StyledFooterSection e1v9q3fs1"
  >
    <p
      className="css-ptgl9f-StyledTextContainer e1v9q3fs3"
    >
      Copyright © The Economist Newspaper Limited 2018. All rights reserved.
    </p>
  </section>
</footer>
`;
