// Jest Snapshot v1, https://goo.gl/fbAQLP

exports[`Logo should match snapshot 1`] = `
<a
  className="css-1l3b7az"
  href="//www.economist.com"
  title="The Economist"
>
  <span
    className="css-38lglc"
  >
    The Economist
  </span>
</a>
`;
