// Jest Snapshot v1, https://goo.gl/fbAQLP

exports[`StyledLink should match snapshot 1`] = `
<a
  className="css-1r5p1df-StyledLink e1wa77wm0"
  href="economist.com"
>
  click me
</a>
`;
