// Jest Snapshot v1, https://goo.gl/fbAQLP

exports[`StyledLinkButton should match snapshot 1`] = `
<a
  className="css-vwbibu"
  href="www.url.com"
  role="button"
>
  test button
</a>
`;
