// Jest Snapshot v1, https://goo.gl/fbAQLP

exports[`SubscribeButton should match snapshot 1`] = `
<a
  className="css-vwbibu"
  href="https://econ.st/2bs1gXz"
  role="button"
>
  Subscribe
</a>
`;
