// Jest Snapshot v1, https://goo.gl/fbAQLP

exports[`NestedAccordionList should match snapshot 1`] = `
<amp-accordion
  id="accordion"
>
  <section
    className={undefined}
  >
    <h4
      className={undefined}
    >
      <span>
        Topics
      </span>
      <span
        className={undefined}
      >
        <svg
          version="1.1"
          viewBox="0 0 48 48"
          x="0px"
          xmlSpace="preserve"
          xmlns="http://www.w3.org/2000/svg"
          y="0px"
        >
          <polygon
            points="33.2,18.6 36,21.4 24,33.4 12,21.4 14.8,18.6 24,27.7 	"
          />
        </svg>
      </span>
    </h4>
    <div>
      <amp-accordion
        id="accordion"
      >
        <section
          className={undefined}
        >
          <h4
            className={undefined}
          >
            <span>
              Topics
            </span>
            <span
              className={undefined}
            >
              <svg
                version="1.1"
                viewBox="0 0 48 48"
                x="0px"
                xmlSpace="preserve"
                xmlns="http://www.w3.org/2000/svg"
                y="0px"
              >
                <polygon
                  points="33.2,18.6 36,21.4 24,33.4 12,21.4 14.8,18.6 24,27.7 	"
                />
              </svg>
            </span>
          </h4>
          <div>
            <a
              className="css-1h5t0lq-StyledLink e2cf1b50"
              href="https://www.economist.com/latest-updates"
            >
              Latest updates
            </a>
          </div>
        </section>
      </amp-accordion>
    </div>
  </section>
</amp-accordion>
`;
