// Jest Snapshot v1, https://goo.gl/fbAQLP

exports[`FooterSocialMenu should match the snapshot 1`] = `
Array [
  <h4
    className="css-zf4esx-StyledHeader ee6t2ru0"
  >
    Keep updated
  </h4>,
  <div
    className="css-x2bodi-StyledIconWrapper ee6t2ru1"
  >
    <a
      className="css-sw97op-StyledLink ee6t2ru2"
      href="https://www.facebook.com/TheEconomist"
      target="_blank"
    >
      <span
        className={undefined}
      >
        <svg
          version="1.1"
          viewBox="0 0 48 48"
          x="0px"
          xmlSpace="preserve"
          xmlns="http://www.w3.org/2000/svg"
          y="0px"
        >
          <path
            d="M29.6,15.2H27c-0.7,0-1.3,0.1-1.4,0.6c-0.1,0.3-0.3,0.7-0.3,1.4v2.1h4.3L29,24h-3.8v13.5h-5.5V24H17v-4.7h2.7 v-2.8c0-2.8,1-4.7,3-5.5c1-0.4,1.7-0.4,2.7-0.4h4.3V15.2z"
          />
        </svg>
      </span>
    </a>
    <a
      className="css-sw97op-StyledLink ee6t2ru2"
      href="https://twitter.com/TheEconomist"
      target="_blank"
    >
      <span
        className={undefined}
      >
        <svg
          version="1.1"
          viewBox="0 0 48 48"
          x="0px"
          xmlSpace="preserve"
          xmlns="http://www.w3.org/2000/svg"
          y="0px"
        >
          <path
            d="M33.6,18.9c0,0.3,0,0.4,0,0.7c0,6.6-5,14-14,14c-2.7,0-5.4-0.9-7.6-2.3c0.4,0,0.7,0.1,1.1,0.1 c2.3,0,4.4-0.9,6.1-2.1c-2.1,0-4-1.4-4.6-3.4c0.3,0,0.7,0.1,0.9,0.1c0.4,0,0.9,0,1.3-0.1c-2.3-0.4-4-2.4-4-4.9 c0.7,0.4,1.4,0.7,2.3,0.7c-1.3-0.9-2.3-2.3-2.3-4c0-0.9,0.3-1.7,0.7-2.4c2.4,3,6,5,10.3,5.1c-0.1-0.4-0.1-0.9-0.1-1.1 c0-2.7,2.3-5,5-5c1.4,0,2.7,0.7,3.6,1.6c1.1-0.3,2.3-0.7,3.1-1.1c-0.4,1.1-1.1,2.1-2.3,2.7c1-0.1,2-0.4,2.9-0.9 C35.4,17.4,34.4,18.4,33.6,18.9z"
          />
        </svg>
      </span>
    </a>
    <a
      className="css-sw97op-StyledLink ee6t2ru2"
      href="https://plus.google.com/100470681032489535736/posts"
      target="_blank"
    >
      <span
        className={undefined}
      >
        <svg
          version="1.1"
          viewBox="0 0 48 48"
          x="0px"
          xmlSpace="preserve"
          xmlns="http://www.w3.org/2000/svg"
          y="0px"
        >
          <path
            d="M27.7,24.2c0,1.7-0.6,3.5-1.7,5.2c-1.1,1.7-2.7,2.7-4.6,3.2c-1.1,0.3-2.2,0.4-3.3,0.4c-2-0.1-3.6-0.7-5.2-1.8 c-1.3-0.8-2.1-2-2.8-3.3c-0.6-1-0.8-2-1-3.1C9,24.2,9,23.5,9,22.9c0.1-1.7,0.6-3.2,1.5-4.6c1.4-2.1,3.2-3.3,5.7-4 c0.6-0.1,1-0.1,1.5-0.3c0.4,0,0.8,0,1.3,0c1.1,0,2.2,0.3,3.3,0.8c0.8,0.4,1.5,0.8,2.2,1.4c0.1,0,0.1,0.1,0.3,0.3 c-0.1,0.1-0.1,0.1-0.3,0.3c-0.8,0.8-1.7,1.5-2.4,2.4c-0.1,0.1-0.1,0.1-0.3,0c-0.7-0.7-1.5-1.1-2.5-1.3c-1.5-0.3-2.9,0.1-4.2,1 c-1.3,1-2.1,2.2-2.2,3.8c-0.3,1.7,0.1,3.1,1.1,4.5c1,1.1,2.1,2,3.6,2.1c1.4,0.1,2.8,0,4-1c1-0.7,1.5-1.5,1.8-2.7h-0.1 c-1.5,0-3.2,0-4.7,0c-0.1,0-0.1,0-0.1-0.1c0-1.1,0-2.4,0-3.5c0-0.1,0-0.1,0.1-0.1c2.9,0,5.7,0,8.7,0c0.1,0,0.1,0,0.1,0.1 c0,0.4,0.1,0.8,0.1,1.3C27.7,23.5,27.7,23.9,27.7,24.2z M39,24.1l-3.3,0.1v3.2c0,0.1,0,0.1-0.1,0.1h-2.1c-0.1,0-0.1,0-0.1-0.1v-3.2 h-3.2c-0.1,0-0.1,0-0.1-0.1V22c0-0.1,0-0.1,0.1-0.1h3.2v-3.2c0-0.1,0-0.1,0.1-0.1h2.1c0.1,0,0.1,0,0.1,0.1v3.2h3.2 c0.1,0,0.1,0,0.1,0.1V24.1z"
          />
        </svg>
      </span>
    </a>
    <a
      className="css-sw97op-StyledLink ee6t2ru2"
      href="https://www.economist.com/newsletters"
      target="_blank"
    >
      <span
        className={undefined}
      >
        <svg
          version="1.1"
          viewBox="0 0 48 48"
          x="0px"
          xmlSpace="preserve"
          xmlns="http://www.w3.org/2000/svg"
          y="0px"
        >
          <path
            d="M33.6,14.4H14.4c-1.3,0-2.4,1.1-2.4,2.4l0,14.4c0,1.3,1.1,2.4,2.4,2.4h19.2c1.3,0,2.4-1.1,2.4-2.4V16.8 C36,15.5,34.9,14.4,33.6,14.4z M33.6,19.2l-9.6,6l-9.6-6v-2.4l9.6,6l9.6-6V19.2z"
          />
        </svg>
      </span>
    </a>
  </div>,
]
`;
