// Jest Snapshot v1, https://goo.gl/fbAQLP

exports[`Navigation should match snapshot 1`] = `
<nav
  className="css-8m3fdd-StyledNav e1838w240"
>
  <a
    className="css-h4jlte-StyledLogoLink e1cdcv600"
    href="//www.economist.com"
    title="The Economist"
  >
    <span
      className="css-1t5k44a-HiddenSpan e1cdcv601"
    >
      The Economist
    </span>
    <span
      className={undefined}
    >
      <svg
        id="Layer_1"
        version="1.1"
        viewBox="0 544.2 595.3 297.6"
        x="0px"
        xmlSpace="preserve"
        xmlns="http://www.w3.org/2000/svg"
        y="0px"
      >
        <g>
          <g>
            <g>
              <rect
                fill="#E3120B"
                height="297.6"
                width="595.3"
                y="544.2"
              />
            </g>
          </g>
          <g>
            <path
              d="M276.1,622.8c-0.3-8.4-2-9.5-14.7-9.5c-0.6,0-1.5,0-2.7,0v48.1c0,6.6,1.7,8.4,8.2,8.5l0.2,2.3
 c-6.2-0.1-10.8-0.1-13.9-0.1c-3.1,0-8,0-14.4,0.1l0.2-2.3c6.5-0.2,8.2-1.9,8.2-8.5v-48.1c-1.3,0-2.4,0-3.2,0
 c-13,0-14.8,1.2-14.9,9.5l-3.3-0.2l0.3-13.6c12,0.1,20.9,0.2,26.8,0.2c5.7,0,14.4-0.1,25.9-0.2l0.3,13.6L276.1,622.8L276.1,622.8z
 M320.8,671.9c-2.4,0-6,0.2-10.9,0.3l0.2-2.1c4.7-0.7,5.1-1.6,5.2-9.4v-5.5v-7.8c0-11.1-1.9-14.8-7.7-14.8c-3.3,0-6.6,2-8,5.1
 c-0.5,1-0.9,2.2-1.2,3.4c-0.1,0.4-0.1,0.8-0.1,1v13.2v5.5c0,7.8,0.5,8.7,5.2,9.4l0.2,2.1c-4.9-0.2-8.5-0.3-11-0.3
 c-2.6,0-6.4,0.2-11.5,0.3l0.2-2.1c5.9,0,6.7-1.2,6.8-9.4v-5.5v-29.2v-5.5c-0.1-8.3-0.9-9.4-6.8-9.4l-0.2-2.1c8-0.4,9.8-0.7,17-2
 v27.3c4.7-5.2,8.6-7.2,13.8-7.2c8.6,0,13.4,5.5,13.4,15.5v12.7v5.5c0.1,8.3,0.9,9.4,6.8,9.4l0.2,2.1
 C327.2,672.1,323.3,671.9,320.8,671.9L320.8,671.9z M348.8,647.5c0.3,13.4,5.2,20.9,13.3,20.9c4.8,0,8.9-2.2,13.2-7.2l1.3,2.4
 c-5.5,6.7-10.8,9.6-17.8,9.6c-12.2,0-20.5-9-20.5-22.3c0-14.2,8.5-24,20.9-24c6.7,0,11.5,2.4,14.8,7.8c2.2,3.7,2.8,6.2,2.9,12.6
 L348.8,647.5L348.8,647.5z M357.5,630.1c-5.3,0-8,4.4-8.9,14c8.1-0.2,10.6-0.3,18.7-1.2C366.2,634.3,363,630.1,357.5,630.1
 L357.5,630.1z M77.8,755.7c11,0,14.2-2.4,15.2-11.9l3.9,0.2l-2.3,16.4l-7.5,0.1l-23.9-0.2L47,760.4l0.3-2.6c7.1-0.2,9-2.2,9-9.5
 v-46.1c0-7.3-1.9-9.2-9-9.5l-0.3-2.6l15.1,0.2l23.9-0.2l6.2,0.1l0.4,14.4l-3.9,0.3c-0.7-8.9-2.3-9.8-16.4-9.8c-0.8,0-1.5,0-2.2,0
 l-1,0.1v26.5c1.9,0,3.3,0.1,4.2,0.1c1.6,0.1,3,0.2,4.5,0.2c7.8,0,9.5-1.7,9.7-9.1h3.3c-0.3,5.9-0.3,9-0.3,11.9
 c0,2.3,0,5.6,0.1,10.1h-3.1c-0.4-7-2-8.4-9.5-8.5l-5.3-0.1l-3.7,0.2v20.6C69.1,755.3,69.6,755.7,77.8,755.7L77.8,755.7z
 M132.3,713.7c-7.3,0-11.1,6.5-11.1,19.1c0,14.8,4.6,23.1,12.8,23.1c4.3,0,7.9-1.9,11.7-5.9l1.5,3.5c-5.6,5.8-10.2,8-16.6,8
 c-12.8,0-21.3-10.1-21.3-25.3c0-15.8,8.9-25.9,22.9-25.9c3.7,0,7.5,0.7,13.4,2.3l0.2,11.7l-4.4,0.3
 C139.8,715.7,138,713.7,132.3,713.7L132.3,713.7z M181.4,761.5c-14,0-23.3-9.4-23.8-23.7c0-0.5,0-1,0-1.5c0-16.5,8.9-26,24.1-26
 c14.1,0,24.1,10.5,24.1,25.6C205.8,751.2,196.2,761.5,181.4,761.5L181.4,761.5z M180.3,714c-7.2,0-10.8,6.2-10.8,18.3
 c0,1.5,0,2.9,0.2,4.4c1,14,5.6,21.5,13.1,21.5c7,0,11.2-7.3,11.2-19.6C194,724.1,188.3,714,180.3,714L180.3,714z M249.4,760.4
 l0.2-2.3c5.2-0.8,5.8-1.7,5.8-10.5l0.1-6.2v-8.7c0-12.3-2.3-16.4-8.6-16.4c-3.8,0-7,2-9,5.6c-0.8,1.5-1.5,3.8-1.5,4.8v14.6v6.2
 c0.1,8.7,0.6,9.7,5.8,10.5l0.3,2.3c-5.3-0.2-19.2-0.2-25,0l0.2-2.3c6.5,0,7.5-1.3,7.5-10.5v-6.2v-10.2v-6.2c0-9.1-1-10.3-7.5-10.4
 l-0.2-2.3c8.7-0.5,10.6-0.8,18-2.3l0.5,8.8c5.6-6.2,9.8-8.5,15.8-8.5c9.5,0,14.8,6.2,14.8,17.1v11.8c0,5.5,0,8.2,0,8.4
 c-0.1,0.8-0.1,1.6-0.1,2.3c0,6.2,1.6,8.1,7.6,8.1l0.2,2.3C268.5,760.2,254.6,760.2,249.4,760.4L249.4,760.4z M306.8,761.5
 c-14,0-23.3-9.4-23.8-23.7c0-0.5,0-1,0-1.5c0-16.5,8.9-26,24.1-26c14.1,0,24.1,10.5,24.1,25.6
 C331.1,751.2,321.5,761.5,306.8,761.5L306.8,761.5z M305.6,714c-7.1,0-10.8,6.2-10.8,18.3c0,1.5,0,2.9,0.2,4.4
 c1,14,5.6,21.5,13.1,21.5c7,0,11.2-7.3,11.2-19.6C319.3,724.1,313.6,714,305.6,714L305.6,714L305.6,714z M404.1,760.4l0.2-2.3
 c5.2-0.8,5.6-1.7,5.8-10.5v-6.2v-8.7c0-12.1-2.2-16.4-8.2-16.4c-3.6,0-7.3,2.3-8.9,5.6c-0.5,1.2-1,2.3-1.3,3.7
 c-0.1,0.5-0.2,0.9-0.2,1v14.6v6.2c0,8.7,0.6,9.7,5.8,10.5l0.2,2.3c-5.3-0.2-18.1-0.2-23.1,0l0.2-2.3c5.2-0.8,5.6-1.7,5.8-10.5
 v-6.2v-8.7c0-12.1-2.2-16.4-8.2-16.4c-3.7,0-7,2.2-8.9,5.6c-0.8,1.6-1.5,3.8-1.5,4.8v14.6v6.2c0.1,8.7,0.6,9.7,5.8,10.5l0.2,2.3
 c-5.2-0.2-19.1-0.2-24.9,0l0.2-2.3c6.5,0,7.5-1.3,7.5-10.5v-6.2v-10.2v-6.2c0-9.1-1-10.3-7.5-10.4l-0.2-2.3
 c8.7-0.5,10.6-0.8,18-2.3l0.5,8.8c5.6-6.2,9.8-8.5,15.6-8.5c6.6,0,10.5,2.7,13.5,9.2c5.9-6.8,10.3-9.2,16.3-9.2
 c9.2,0,14.5,6.2,14.5,17.1v11.8c0,5.3,0,8.1,0,8.4c0,0.8-0.1,1.6-0.1,2.3c0,6.2,1.7,8.1,7.6,8.1l0.2,2.3
 C423,760.2,409.3,760.2,404.1,760.4L404.1,760.4L404.1,760.4z M451.6,760c-2.9,0-7.3,0.2-13.3,0.4l0.2-2.3c6.5,0,7.5-1.3,7.5-10.4
 l0.1-6.2v-10.2l-0.1-6.2c0-9.1-1-10.3-7.5-10.4l-0.2-2.3c9-0.6,11-0.9,18.9-2.3v31.5l0.1,6.2c0,9.2,0.9,10.4,7.5,10.4l0.2,2.3
 C459,760.2,454.6,760,451.6,760L451.6,760z M451.2,700.3c-3.7,0-6.5-2.8-6.5-6.6c0-3.7,2.9-6.6,6.5-6.6s6.5,3,6.5,6.6
 C457.7,697.4,454.9,700.3,451.2,700.3L451.2,700.3z M492.9,713.7c-4.4,0-7.5,2.5-7.5,6.2c0,3.4,1.6,5.5,6.6,8.7
 c4.6,3,8.2,5.8,10.6,7.9c2.7,2.6,4.3,5.9,4.3,9.8c0,8.7-7.3,15.3-16.7,15.3c-3.6,0-7-0.8-13.3-2.8l-0.4-9.9l5-0.2
 c2.3,7.5,3.7,9,8.9,9c4.5,0,7.4-2.3,7.4-5.9c0-3.3-2-5.9-8.2-10.1c-3.1-2.2-5.3-3.6-6.5-4.5c-2.6-2-4.4-4.3-5.3-6.9
 c-0.6-1.5-0.9-3.2-0.9-5.3c0-8.9,6-14.6,15.2-14.6c3.4,0,5.3,0.3,13.3,2.2l0.2,9.8l-5,0.2C499.5,715.9,497.5,713.7,492.9,713.7
 L492.9,713.7z M542.8,756.4c1.6,0,3-0.2,5.3-0.9v2.8c-3.3,1.9-7.9,2.9-12.6,2.9c-4.3,0-8.4-2.4-10.2-6c-1.5-3-1.9-6-1.9-12.7v-25
 h-6.2v-4.4c7.7-0.6,10.7-3.9,13-14.1h4.4v13.2H547l-1.3,5.3h-10.9v24C534.6,753.6,536.2,756.4,542.8,756.4L542.8,756.4z"
              fill="#FFFFFF"
            />
          </g>
        </g>
      </svg>
    </span>
  </a>
  <a
    className="css-856nem-StyledLink e1ob2h4l0"
    href="https://econ.st/2bs1gXz"
    role="button"
  >
    Subscribe
  </a>
  <button
    aria-label="Navigation"
    className="e1838w241 css-1tdn9y4-StyledButton-StyledHamburgerIcon e139jkne0"
    on="tap:sidebar.toggle"
    tabIndex="0"
  >
    <span
      className={undefined}
    >
      <svg
        version="1.1"
        viewBox="0 0 48 48"
        x="0px"
        xmlSpace="preserve"
        xmlns="http://www.w3.org/2000/svg"
        y="0px"
      >
        <path
          d="M36,32H12v-2.7h24V32z M36,25.3H12v-2.7h24V25.3z M36,18.7H12V16h24V18.7z"
        />
      </svg>
    </span>
  </button>
</nav>
`;
