// Jest Snapshot v1, https://goo.gl/fbAQLP

exports[`PaywallFooter should match the snapshot 1`] = `
<footer
  className={undefined}
>
  Test footer
</footer>
`;
